                  :-) GROMACS - gmx mdrun, 2020-UNCHECKED (-:

                            GROMACS is written by:
     Emile Apol      Rossen Apostolov      Paul Bauer     Herman J.C. Berendsen
    Par Bjelkmar      Christian Blau   Viacheslav Bolnykh     Kevin Boyd    
 Aldert van Buuren   Rudi van Drunen     Anton Feenstra       Alan Gray     
  Gerrit Groenhof     Anca Hamuraru    Vincent Hindriksen  M. Eric Irrgang  
  Aleksei Iupinov   Christoph Junghans     Joe Jordan     Dimitrios Karkoulis
    Peter Kasson        Jiri Kraus      Carsten Kutzner      Per Larsson    
  Justin A. Lemkul    Viveca Lindahl    Magnus Lundborg     Erik Marklund   
    Pascal Merz     Pieter Meulenhoff    Teemu Murtola       Szilard Pall   
    Sander Pronk      Roland Schulz      Michael Shirts    Alexey Shvetsov  
   Alfons Sijbers     Peter Tieleman      Jon Vincent      Teemu Virolainen 
 Christian Wennberg    Maarten Wolf      Artem Zhmurov   
                           and the project leaders:
        Mark Abraham, Berk Hess, Erik Lindahl, and David van der Spoel

Copyright (c) 1991-2000, University of Groningen, The Netherlands.
Copyright (c) 2001-2019, The GROMACS development team at
Uppsala University, Stockholm University and
the Royal Institute of Technology, Sweden.
check out http://www.gromacs.org for more information.

GROMACS is free software; you can redistribute it and/or modify it
under the terms of the GNU Lesser General Public License
as published by the Free Software Foundation; either version 2.1
of the License, or (at your option) any later version.

GROMACS:      gmx mdrun, version 2020-UNCHECKED
Executable:   /usr/local/gromacs/bin/gmx
Data prefix:  /usr/local/gromacs
Working dir:  /home/ltr/PYTHON/M3-Plant-Plasma-Lipids/GIPC_4sug_BL
Process ID:   3756
Command line:
  gmx mdrun -v -deffnm r -nt 5 -rdd 1.6

GROMACS version:    2020-UNCHECKED
The source code this program was compiled from has not been verified because the reference checksum was missing during compilation. This means you have an incomplete GROMACS distribution, please make sure to download an intact source distribution and compile that before proceeding.
Computed checksum: NoChecksumFile
Precision:          single
Memory model:       64 bit
MPI library:        thread_mpi
OpenMP support:     enabled (GMX_OPENMP_MAX_THREADS = 64)
GPU support:        disabled
SIMD instructions:  AVX2_256
FFT library:        fftw-3.3.8-sse2-avx-avx2-avx2_128
RDTSCP usage:       enabled
TNG support:        enabled
Hwloc support:      hwloc-2.1.0
Tracing support:    disabled
C compiler:         /usr/bin/cc GNU 9.4.0
C compiler flags:   -mavx2 -mfma -fexcess-precision=fast -funroll-all-loops
C++ compiler:       /usr/bin/c++ GNU 9.4.0
C++ compiler flags: -mavx2 -mfma -fexcess-precision=fast -funroll-all-loops -fopenmp


Running on 1 node with total 6 cores, 12 logical cores
Hardware detected:
  CPU info:
    Vendor: AMD
    Brand:  AMD Ryzen 5 4600H with Radeon Graphics         
    Family: 23   Model: 96   Stepping: 1
    Features: aes amd apic avx avx2 clfsh cmov cx8 cx16 f16c fma htt lahf misalignsse mmx msr nonstop_tsc pclmuldq pdpe1gb popcnt pse rdrnd rdtscp sha sse2 sse3 sse4a sse4.1 sse4.2 ssse3
  Hardware topology: Full, with devices
    Sockets, cores, and logical processors:
      Socket  0: [   0   1] [   2   3] [   4   5] [   6   7] [   8   9] [  10  11]
    Numa nodes:
      Node  0 (8261910528 bytes mem):   0   1   2   3   4   5   6   7   8   9  10  11
      Latency:
               0
         0  1.00
    Caches:
      L1: 32768 bytes, linesize 64 bytes, assoc. 8, shared 2 ways
      L2: 524288 bytes, linesize 64 bytes, assoc. 8, shared 2 ways
      L3: 4194304 bytes, linesize 64 bytes, assoc. 16, shared 12 ways
    PCI devices:
      5582:00:00.0  Id: 1af4:1043  Class: 0x0100  Numa: 0
      e2a1:00:00.0  Id: 1414:008e  Class: 0x0302  Numa: 0


++++ PLEASE READ AND CITE THE FOLLOWING REFERENCE ++++
M. J. Abraham, T. Murtola, R. Schulz, S. Páll, J. C. Smith, B. Hess, E.
Lindahl
GROMACS: High performance molecular simulations through multi-level
parallelism from laptops to supercomputers
SoftwareX 1 (2015) pp. 19-25
-------- -------- --- Thank You --- -------- --------


++++ PLEASE READ AND CITE THE FOLLOWING REFERENCE ++++
S. Páll, M. J. Abraham, C. Kutzner, B. Hess, E. Lindahl
Tackling Exascale Software Challenges in Molecular Dynamics Simulations with
GROMACS
In S. Markidis & E. Laure (Eds.), Solving Software Challenges for Exascale 8759 (2015) pp. 3-27
-------- -------- --- Thank You --- -------- --------


++++ PLEASE READ AND CITE THE FOLLOWING REFERENCE ++++
S. Pronk, S. Páll, R. Schulz, P. Larsson, P. Bjelkmar, R. Apostolov, M. R.
Shirts, J. C. Smith, P. M. Kasson, D. van der Spoel, B. Hess, and E. Lindahl
GROMACS 4.5: a high-throughput and highly parallel open source molecular
simulation toolkit
Bioinformatics 29 (2013) pp. 845-54
-------- -------- --- Thank You --- -------- --------


++++ PLEASE READ AND CITE THE FOLLOWING REFERENCE ++++
B. Hess and C. Kutzner and D. van der Spoel and E. Lindahl
GROMACS 4: Algorithms for highly efficient, load-balanced, and scalable
molecular simulation
J. Chem. Theory Comput. 4 (2008) pp. 435-447
-------- -------- --- Thank You --- -------- --------


++++ PLEASE READ AND CITE THE FOLLOWING REFERENCE ++++
D. van der Spoel, E. Lindahl, B. Hess, G. Groenhof, A. E. Mark and H. J. C.
Berendsen
GROMACS: Fast, Flexible and Free
J. Comp. Chem. 26 (2005) pp. 1701-1719
-------- -------- --- Thank You --- -------- --------


++++ PLEASE READ AND CITE THE FOLLOWING REFERENCE ++++
E. Lindahl and B. Hess and D. van der Spoel
GROMACS 3.0: A package for molecular simulation and trajectory analysis
J. Mol. Mod. 7 (2001) pp. 306-317
-------- -------- --- Thank You --- -------- --------


++++ PLEASE READ AND CITE THE FOLLOWING REFERENCE ++++
H. J. C. Berendsen, D. van der Spoel and R. van Drunen
GROMACS: A message-passing parallel molecular dynamics implementation
Comp. Phys. Comm. 91 (1995) pp. 43-56
-------- -------- --- Thank You --- -------- --------


++++ PLEASE CITE THE DOI FOR THIS VERSION OF GROMACS ++++
https://doi.org/10.5281/zenodo.3562495
-------- -------- --- Thank You --- -------- --------

Input Parameters:
   integrator                     = md
   tinit                          = 0
   dt                             = 0.01
   nsteps                         = 1000000
   init-step                      = 0
   simulation-part                = 1
   comm-mode                      = Linear
   nstcomm                        = 100
   bd-fric                        = 0
   ld-seed                        = 1248099437
   emtol                          = 10
   emstep                         = 0.01
   niter                          = 20
   fcstep                         = 0
   nstcgsteep                     = 1000
   nbfgscorr                      = 10
   rtpi                           = 0.05
   nstxout                        = 0
   nstvout                        = 0
   nstfout                        = 0
   nstlog                         = 10000
   nstcalcenergy                  = 100
   nstenergy                      = 100
   nstxout-compressed             = 100
   compressed-x-precision         = 100
   cutoff-scheme                  = Verlet
   nstlist                        = 20
   pbc                            = xyz
   periodic-molecules             = false
   verlet-buffer-tolerance        = 0.002
   rlist                          = 1.147
   coulombtype                    = Reaction-Field
   coulomb-modifier               = Potential-shift
   rcoulomb-switch                = 0
   rcoulomb                       = 1.1
   epsilon-r                      = 15
   epsilon-rf                     = inf
   vdw-type                       = Cut-off
   vdw-modifier                   = Potential-shift
   rvdw-switch                    = 0
   rvdw                           = 1.1
   DispCorr                       = No
   table-extension                = 1
   fourierspacing                 = 0.12
   fourier-nx                     = 0
   fourier-ny                     = 0
   fourier-nz                     = 0
   pme-order                      = 4
   ewald-rtol                     = 1e-05
   ewald-rtol-lj                  = 0.001
   lj-pme-comb-rule               = Geometric
   ewald-geometry                 = 0
   epsilon-surface                = 0
   tcoupl                         = Berendsen
   nsttcouple                     = 20
   nh-chain-length                = 0
   print-nose-hoover-chain-variables = false
   pcoupl                         = Berendsen
   pcoupltype                     = Semiisotropic
   nstpcouple                     = 20
   tau-p                          = 12
   compressibility (3x3):
      compressibility[    0]={ 3.00000e-04,  0.00000e+00,  0.00000e+00}
      compressibility[    1]={ 0.00000e+00,  3.00000e-04,  0.00000e+00}
      compressibility[    2]={ 0.00000e+00,  0.00000e+00,  3.00000e-04}
   ref-p (3x3):
      ref-p[    0]={ 1.00000e+00,  0.00000e+00,  0.00000e+00}
      ref-p[    1]={ 0.00000e+00,  1.00000e+00,  0.00000e+00}
      ref-p[    2]={ 0.00000e+00,  0.00000e+00,  1.00000e+00}
   refcoord-scaling               = COM
   posres-com (3):
      posres-com[0]= 0.00000e+00
      posres-com[1]= 0.00000e+00
      posres-com[2]= 0.00000e+00
   posres-comB (3):
      posres-comB[0]= 0.00000e+00
      posres-comB[1]= 0.00000e+00
      posres-comB[2]= 0.00000e+00
   QMMM                           = false
   QMconstraints                  = 0
   QMMMscheme                     = 0
   MMChargeScaleFactor            = 1
qm-opts:
   ngQM                           = 0
   constraint-algorithm           = Lincs
   continuation                   = false
   Shake-SOR                      = false
   shake-tol                      = 0.0001
   lincs-order                    = 4
   lincs-iter                     = 1
   lincs-warnangle                = 90
   nwall                          = 0
   wall-type                      = 9-3
   wall-r-linpot                  = -1
   wall-atomtype[0]               = -1
   wall-atomtype[1]               = -1
   wall-density[0]                = 0
   wall-density[1]                = 0
   wall-ewald-zfac                = 3
   pull                           = false
   awh                            = false
   rotation                       = false
   interactiveMD                  = false
   disre                          = No
   disre-weighting                = Conservative
   disre-mixed                    = false
   dr-fc                          = 1000
   dr-tau                         = 0
   nstdisreout                    = 100
   orire-fc                       = 0
   orire-tau                      = 0
   nstorireout                    = 100
   free-energy                    = no
   cos-acceleration               = 0
   deform (3x3):
      deform[    0]={ 0.00000e+00,  0.00000e+00,  0.00000e+00}
      deform[    1]={ 0.00000e+00,  0.00000e+00,  0.00000e+00}
      deform[    2]={ 0.00000e+00,  0.00000e+00,  0.00000e+00}
   simulated-tempering            = false
   swapcoords                     = no
   userint1                       = 0
   userint2                       = 0
   userint3                       = 0
   userint4                       = 0
   userreal1                      = 0
   userreal2                      = 0
   userreal3                      = 0
   userreal4                      = 0
   applied-forces:
     electric-field:
       x:
         E0                       = 0
         omega                    = 0
         t0                       = 0
         sigma                    = 0
       y:
         E0                       = 0
         omega                    = 0
         t0                       = 0
         sigma                    = 0
       z:
         E0                       = 0
         omega                    = 0
         t0                       = 0
         sigma                    = 0
     density-guided-simulation:
       active                     = false
       group                      = protein
       similarity-measure         = inner-product
       atom-spreading-weight      = unity
       force-constant             = 1e+09
       gaussian-transform-spreading-width = 0.2
       gaussian-transform-spreading-range-in-multiples-of-width = 4
       reference-density-filename = reference.mrc
       nst                        = 1
       normalize-densities        = true
       adaptive-force-scaling     = false
       adaptive-force-scaling-time-constant = 4
grpopts:
   nrdf:     1295.15     3291.85
   ref-t:         310         310
   tau-t:           1           1
annealing:          No          No
annealing-npoints:           0           0
   acc:	           0           0           0
   nfreeze:           N           N           N
   energygrp-flags[  0]: 0

Changing nstlist from 20 to 40, rlist from 1.147 to 1.244

Using 1 MPI thread

Non-default thread affinity set, disabling internal thread affinity

Using 5 OpenMP threads 

System total charge: 0.000
Reaction-Field:
epsRF = 0, rc = 1.1, krf = 0.375657, crf = 1.36364, epsfac = 9.26236
The electrostatics potential has its minimum at r = 1.1
Potential shift: LJ r^-12: -3.186e-01 r^-6: -5.645e-01

Using SIMD 4x8 nonbonded short-range kernels

Using a dual 4x8 pair-list setup updated with dynamic pruning:
  outer list: updated every 40 steps, buffer 0.144 nm, rlist 1.244 nm
  inner list: updated every  7 steps, buffer 0.003 nm, rlist 1.103 nm
At tolerance 0.002 kJ/mol/ps per atom, equivalent classical 1x1 list would be:
  outer list: updated every 40 steps, buffer 0.237 nm, rlist 1.337 nm
  inner list: updated every  7 steps, buffer 0.020 nm, rlist 1.120 nm

Using full Lennard-Jones parameter combination matrix

Removing pbc first time

Initializing LINear Constraint Solver

++++ PLEASE READ AND CITE THE FOLLOWING REFERENCE ++++
B. Hess
P-LINCS: A Parallel Linear Constraint Solver for molecular simulation
J. Chem. Theory Comput. 4 (2008) pp. 116-122
-------- -------- --- Thank You --- -------- --------

The number of constraints is 432
432 constraints are involved in constraint triangles,
will apply an additional matrix expansion of order 4 for couplings
between constraints inside triangles

++++ PLEASE READ AND CITE THE FOLLOWING REFERENCE ++++
H. J. C. Berendsen, J. P. M. Postma, A. DiNola and J. R. Haak
Molecular dynamics with coupling to an external bath
J. Chem. Phys. 81 (1984) pp. 3684-3690
-------- -------- --- Thank You --- -------- --------

There are: 1674 Atoms
There are: 180 VSites

Constraining the starting coordinates (step 0)

Constraining the coordinates at t0-dt (step 0)
Center of mass motion removal mode is Linear
We have the following groups for center of mass motion removal:
  0:  rest
RMS relative constraint deviation after constraining: 8.62e-07
Initial temperature: 312.272 K

Started mdrun on rank 0 Sun Mar 16 13:11:30 2025

           Step           Time
              0        0.00000

   Energies (kJ/mol)
           Bond          Angle       G96AngleRestricted Angles  Improper Dih.
    4.63813e+02    1.90769e+03    2.78744e+02    2.90459e+02    1.82681e+03
        LJ (SR)   Coulomb (SR)      Potential    Kinetic En.   Total Energy
   -2.35402e+04   -2.28585e+03   -2.10585e+04    6.01533e+03   -1.50432e+04
  Conserved En.    Temperature Pressure (bar)   Constr. rmsd
   -1.50300e+04    3.15447e+02   -3.05779e+02    8.72949e-07

           Step           Time
          10000      100.00000

   Energies (kJ/mol)
           Bond          Angle       G96AngleRestricted Angles  Improper Dih.
    1.38830e+03    1.05220e+03    2.99441e+02    1.85508e+02    5.24238e+02
        LJ (SR)   Coulomb (SR)      Potential    Kinetic En.   Total Energy
   -3.74920e+04   -1.82164e+03   -3.58640e+04    5.95394e+03   -2.99100e+04
  Conserved En.    Temperature Pressure (bar)   Constr. rmsd
   -1.52712e+04    3.12228e+02   -4.77478e+01    7.25796e-07

           Step           Time
          20000      200.00000

   Energies (kJ/mol)
           Bond          Angle       G96AngleRestricted Angles  Improper Dih.
    1.40548e+03    9.99419e+02    2.30343e+02    1.62619e+02    4.29597e+02
        LJ (SR)   Coulomb (SR)      Potential    Kinetic En.   Total Energy
   -3.77686e+04   -1.82843e+03   -3.63696e+04    5.89535e+03   -3.04743e+04
  Conserved En.    Temperature Pressure (bar)   Constr. rmsd
   -1.55285e+04    3.09155e+02   -1.60888e+01    7.48587e-07

           Step           Time
          30000      300.00000

   Energies (kJ/mol)
           Bond          Angle       G96AngleRestricted Angles  Improper Dih.
    1.49161e+03    1.01104e+03    2.37690e+02    2.04320e+02    4.81439e+02
        LJ (SR)   Coulomb (SR)      Potential    Kinetic En.   Total Energy
   -3.82598e+04   -1.92768e+03   -3.67614e+04    5.86725e+03   -3.08941e+04
  Conserved En.    Temperature Pressure (bar)   Constr. rmsd
   -1.57795e+04    3.07682e+02    6.07383e+01    7.47449e-07

           Step           Time
          40000      400.00000

   Energies (kJ/mol)
           Bond          Angle       G96AngleRestricted Angles  Improper Dih.
    1.33056e+03    9.54719e+02    2.42890e+02    2.01751e+02    4.48902e+02
        LJ (SR)   Coulomb (SR)      Potential    Kinetic En.   Total Energy
   -3.81317e+04   -1.91825e+03   -3.68712e+04    5.84157e+03   -3.10296e+04
  Conserved En.    Temperature Pressure (bar)   Constr. rmsd
   -1.60372e+04    3.06335e+02    2.06007e+02    6.82405e-07

           Step           Time
          50000      500.00000

   Energies (kJ/mol)
           Bond          Angle       G96AngleRestricted Angles  Improper Dih.
    1.35744e+03    9.30365e+02    2.45077e+02    1.90616e+02    4.17234e+02
        LJ (SR)   Coulomb (SR)      Potential    Kinetic En.   Total Energy
   -3.84193e+04   -1.92490e+03   -3.72035e+04    5.92984e+03   -3.12736e+04
  Conserved En.    Temperature Pressure (bar)   Constr. rmsd
   -1.62862e+04    3.10964e+02   -1.23086e+02    5.93107e-07

           Step           Time
          60000      600.00000

   Energies (kJ/mol)
           Bond          Angle       G96AngleRestricted Angles  Improper Dih.
    1.44327e+03    9.58896e+02    2.37325e+02    2.05985e+02    3.94200e+02
        LJ (SR)   Coulomb (SR)      Potential    Kinetic En.   Total Energy
   -3.95668e+04   -1.95133e+03   -3.82785e+04    5.72695e+03   -3.25515e+04
  Conserved En.    Temperature Pressure (bar)   Constr. rmsd
   -1.65500e+04    3.00324e+02    5.67823e+01    5.71600e-07

           Step           Time
          70000      700.00000

   Energies (kJ/mol)
           Bond          Angle       G96AngleRestricted Angles  Improper Dih.
    1.42023e+03    9.77995e+02    2.15430e+02    1.99845e+02    3.89789e+02
        LJ (SR)   Coulomb (SR)      Potential    Kinetic En.   Total Energy
   -3.98917e+04   -1.94480e+03   -3.86332e+04    6.07590e+03   -3.25573e+04
  Conserved En.    Temperature Pressure (bar)   Constr. rmsd
   -1.68424e+04    3.18623e+02   -4.22154e+01    6.07045e-07

           Step           Time
          80000      800.00000

   Energies (kJ/mol)
           Bond          Angle       G96AngleRestricted Angles  Improper Dih.
    1.36692e+03    9.62127e+02    2.46385e+02    2.36403e+02    3.75282e+02
        LJ (SR)   Coulomb (SR)      Potential    Kinetic En.   Total Energy
   -3.99187e+04   -1.92535e+03   -3.86570e+04    5.88098e+03   -3.27760e+04
  Conserved En.    Temperature Pressure (bar)   Constr. rmsd
   -1.71320e+04    3.08402e+02   -7.99141e+00    6.02298e-07

           Step           Time
          90000      900.00000

   Energies (kJ/mol)
           Bond          Angle       G96AngleRestricted Angles  Improper Dih.
    1.47385e+03    9.06644e+02    2.90440e+02    2.27361e+02    3.55751e+02
        LJ (SR)   Coulomb (SR)      Potential    Kinetic En.   Total Energy
   -3.98458e+04   -1.86717e+03   -3.84590e+04    5.74840e+03   -3.27106e+04
  Conserved En.    Temperature Pressure (bar)   Constr. rmsd
   -1.74173e+04    3.01449e+02    3.94085e+01    5.96598e-07

           Step           Time
         100000     1000.00000

   Energies (kJ/mol)
           Bond          Angle       G96AngleRestricted Angles  Improper Dih.
    1.41469e+03    9.40910e+02    2.40690e+02    2.16538e+02    3.56849e+02
        LJ (SR)   Coulomb (SR)      Potential    Kinetic En.   Total Energy
   -4.00040e+04   -1.91489e+03   -3.87492e+04    5.88794e+03   -3.28612e+04
  Conserved En.    Temperature Pressure (bar)   Constr. rmsd
   -1.77009e+04    3.08767e+02   -2.95208e+01    5.57661e-07

           Step           Time
         110000     1100.00000

   Energies (kJ/mol)
           Bond          Angle       G96AngleRestricted Angles  Improper Dih.
    1.31647e+03    9.34812e+02    2.53367e+02    1.99222e+02    3.80036e+02
        LJ (SR)   Coulomb (SR)      Potential    Kinetic En.   Total Energy
   -4.00517e+04   -1.85631e+03   -3.88241e+04    6.07629e+03   -3.27478e+04
  Conserved En.    Temperature Pressure (bar)   Constr. rmsd
   -1.79869e+04    3.18644e+02   -2.57275e+01    5.88031e-07

           Step           Time
         120000     1200.00000

   Energies (kJ/mol)
           Bond          Angle       G96AngleRestricted Angles  Improper Dih.
    1.34748e+03    8.92568e+02    2.53744e+02    1.75260e+02    4.16502e+02
        LJ (SR)   Coulomb (SR)      Potential    Kinetic En.   Total Energy
   -4.00737e+04   -1.91963e+03   -3.89078e+04    5.92523e+03   -3.29825e+04
  Conserved En.    Temperature Pressure (bar)   Constr. rmsd
   -1.82708e+04    3.10722e+02    4.34358e+01    6.02312e-07

           Step           Time
         130000     1300.00000

   Energies (kJ/mol)
           Bond          Angle       G96AngleRestricted Angles  Improper Dih.
    1.30353e+03    1.00761e+03    2.68879e+02    2.06240e+02    3.44004e+02
        LJ (SR)   Coulomb (SR)      Potential    Kinetic En.   Total Energy
   -4.00737e+04   -1.96892e+03   -3.89123e+04    5.99160e+03   -3.29207e+04
  Conserved En.    Temperature Pressure (bar)   Constr. rmsd
   -1.85602e+04    3.14203e+02   -3.63164e+00    6.06835e-07

           Step           Time
         140000     1400.00000

   Energies (kJ/mol)
           Bond          Angle       G96AngleRestricted Angles  Improper Dih.
    1.38322e+03    9.07789e+02    2.51177e+02    1.91054e+02    4.49831e+02
        LJ (SR)   Coulomb (SR)      Potential    Kinetic En.   Total Energy
   -4.00377e+04   -1.92723e+03   -3.87819e+04    5.85600e+03   -3.29259e+04
  Conserved En.    Temperature Pressure (bar)   Constr. rmsd
   -1.88446e+04    3.07092e+02    2.52445e+01    5.92996e-07

           Step           Time
         150000     1500.00000

   Energies (kJ/mol)
           Bond          Angle       G96AngleRestricted Angles  Improper Dih.
    1.46772e+03    9.92944e+02    2.49660e+02    1.88280e+02    3.99318e+02
        LJ (SR)   Coulomb (SR)      Potential    Kinetic En.   Total Energy
   -4.01627e+04   -1.92639e+03   -3.87912e+04    5.82445e+03   -3.29668e+04
  Conserved En.    Temperature Pressure (bar)   Constr. rmsd
   -1.91345e+04    3.05437e+02   -7.19988e+01    5.44612e-07

           Step           Time
         160000     1600.00000

   Energies (kJ/mol)
           Bond          Angle       G96AngleRestricted Angles  Improper Dih.
    1.41330e+03    1.00816e+03    2.23440e+02    2.17157e+02    4.41156e+02
        LJ (SR)   Coulomb (SR)      Potential    Kinetic En.   Total Energy
   -4.00821e+04   -1.95216e+03   -3.87311e+04    5.94270e+03   -3.27884e+04
  Conserved En.    Temperature Pressure (bar)   Constr. rmsd
   -1.94291e+04    3.11638e+02    3.08231e+01    6.11728e-07

           Step           Time
         170000     1700.00000

   Energies (kJ/mol)
           Bond          Angle       G96AngleRestricted Angles  Improper Dih.
    1.43056e+03    9.50815e+02    2.53674e+02    1.59743e+02    4.16954e+02
        LJ (SR)   Coulomb (SR)      Potential    Kinetic En.   Total Energy
   -4.01803e+04   -1.93844e+03   -3.89070e+04    5.93158e+03   -3.29754e+04
  Conserved En.    Temperature Pressure (bar)   Constr. rmsd
   -1.97108e+04    3.11055e+02    2.18178e-01    5.94292e-07

           Step           Time
         180000     1800.00000

   Energies (kJ/mol)
           Bond          Angle       G96AngleRestricted Angles  Improper Dih.
    1.43169e+03    1.00642e+03    2.46102e+02    1.65631e+02    4.73819e+02
        LJ (SR)   Coulomb (SR)      Potential    Kinetic En.   Total Energy
   -4.02146e+04   -1.94698e+03   -3.88379e+04    5.84931e+03   -3.29886e+04
  Conserved En.    Temperature Pressure (bar)   Constr. rmsd
   -1.99956e+04    3.06741e+02   -1.57361e+01    6.57524e-07

           Step           Time
         190000     1900.00000

   Energies (kJ/mol)
           Bond          Angle       G96AngleRestricted Angles  Improper Dih.
    1.41509e+03    1.08037e+03    2.91435e+02    2.12847e+02    4.28163e+02
        LJ (SR)   Coulomb (SR)      Potential    Kinetic En.   Total Energy
   -4.03957e+04   -1.91473e+03   -3.88825e+04    5.78965e+03   -3.30928e+04
  Conserved En.    Temperature Pressure (bar)   Constr. rmsd
   -2.02830e+04    3.03612e+02   -1.02631e+01    5.89582e-07

           Step           Time
         200000     2000.00000

   Energies (kJ/mol)
           Bond          Angle       G96AngleRestricted Angles  Improper Dih.
    1.42566e+03    9.60345e+02    2.45018e+02    2.01542e+02    4.13116e+02
        LJ (SR)   Coulomb (SR)      Potential    Kinetic En.   Total Energy
   -4.00041e+04   -1.93910e+03   -3.86976e+04    5.84121e+03   -3.28563e+04
  Conserved En.    Temperature Pressure (bar)   Constr. rmsd
   -2.05675e+04    3.06316e+02    6.68220e+01    5.23979e-07

           Step           Time
         210000     2100.00000

   Energies (kJ/mol)
           Bond          Angle       G96AngleRestricted Angles  Improper Dih.
    1.44715e+03    9.94906e+02    2.47110e+02    2.03505e+02    4.03745e+02
        LJ (SR)   Coulomb (SR)      Potential    Kinetic En.   Total Energy
   -4.01481e+04   -1.96302e+03   -3.88147e+04    5.81994e+03   -3.29948e+04
  Conserved En.    Temperature Pressure (bar)   Constr. rmsd
   -2.08523e+04    3.05201e+02    2.40305e+01    5.92538e-07

           Step           Time
         220000     2200.00000

   Energies (kJ/mol)
           Bond          Angle       G96AngleRestricted Angles  Improper Dih.
    1.34555e+03    9.20266e+02    2.40362e+02    1.99964e+02    3.91296e+02
        LJ (SR)   Coulomb (SR)      Potential    Kinetic En.   Total Energy
   -4.02684e+04   -1.91263e+03   -3.90836e+04    6.01410e+03   -3.30695e+04
  Conserved En.    Temperature Pressure (bar)   Constr. rmsd
   -2.11360e+04    3.15383e+02    4.59919e+01    5.35874e-07

           Step           Time
         230000     2300.00000

   Energies (kJ/mol)
           Bond          Angle       G96AngleRestricted Angles  Improper Dih.
    1.35382e+03    8.95120e+02    2.31299e+02    2.23695e+02    4.20074e+02
        LJ (SR)   Coulomb (SR)      Potential    Kinetic En.   Total Energy
   -4.01947e+04   -1.89081e+03   -3.89615e+04    5.88365e+03   -3.30778e+04
  Conserved En.    Temperature Pressure (bar)   Constr. rmsd
   -2.14225e+04    3.08542e+02    3.78050e+01    5.64637e-07

           Step           Time
         240000     2400.00000

   Energies (kJ/mol)
           Bond          Angle       G96AngleRestricted Angles  Improper Dih.
    1.44266e+03    9.40124e+02    2.52670e+02    1.92999e+02    3.90207e+02
        LJ (SR)   Coulomb (SR)      Potential    Kinetic En.   Total Energy
   -4.05018e+04   -1.92253e+03   -3.92057e+04    6.03867e+03   -3.31670e+04
  Conserved En.    Temperature Pressure (bar)   Constr. rmsd
   -2.17044e+04    3.16671e+02   -1.08311e+02    5.38630e-07

           Step           Time
         250000     2500.00000

   Energies (kJ/mol)
           Bond          Angle       G96AngleRestricted Angles  Improper Dih.
    1.36578e+03    9.65676e+02    2.94147e+02    2.26714e+02    3.78438e+02
        LJ (SR)   Coulomb (SR)      Potential    Kinetic En.   Total Energy
   -4.04365e+04   -1.92254e+03   -3.91283e+04    5.90519e+03   -3.32232e+04
  Conserved En.    Temperature Pressure (bar)   Constr. rmsd
   -2.19898e+04    3.09671e+02   -5.24262e+01    6.37036e-07

           Step           Time
         260000     2600.00000

   Energies (kJ/mol)
           Bond          Angle       G96AngleRestricted Angles  Improper Dih.
    1.44628e+03    9.13498e+02    2.66828e+02    2.35352e+02    4.28866e+02
        LJ (SR)   Coulomb (SR)      Potential    Kinetic En.   Total Energy
   -4.04061e+04   -1.91228e+03   -3.90276e+04    5.80161e+03   -3.32260e+04
  Conserved En.    Temperature Pressure (bar)   Constr. rmsd
   -2.22783e+04    3.04239e+02    6.25689e+01    5.55903e-07

           Step           Time
         270000     2700.00000

   Energies (kJ/mol)
           Bond          Angle       G96AngleRestricted Angles  Improper Dih.
    1.38215e+03    9.65579e+02    2.27134e+02    1.61777e+02    3.96106e+02
        LJ (SR)   Coulomb (SR)      Potential    Kinetic En.   Total Energy
   -4.02744e+04   -1.90589e+03   -3.90476e+04    5.85683e+03   -3.31907e+04
  Conserved En.    Temperature Pressure (bar)   Constr. rmsd
   -2.25626e+04    3.07135e+02   -1.93986e+01    5.28495e-07

           Step           Time
         280000     2800.00000

   Energies (kJ/mol)
           Bond          Angle       G96AngleRestricted Angles  Improper Dih.
    1.47989e+03    9.40903e+02    3.02654e+02    1.90621e+02    3.79461e+02
        LJ (SR)   Coulomb (SR)      Potential    Kinetic En.   Total Energy
   -4.03142e+04   -1.93661e+03   -3.89573e+04    5.91135e+03   -3.30459e+04
  Conserved En.    Temperature Pressure (bar)   Constr. rmsd
   -2.28481e+04    3.09995e+02   -1.28053e+02    5.26758e-07

           Step           Time
         290000     2900.00000

   Energies (kJ/mol)
           Bond          Angle       G96AngleRestricted Angles  Improper Dih.
    1.40190e+03    9.42739e+02    2.61673e+02    1.97320e+02    4.56375e+02
        LJ (SR)   Coulomb (SR)      Potential    Kinetic En.   Total Energy
   -4.02698e+04   -1.94519e+03   -3.89550e+04    5.82924e+03   -3.31258e+04
  Conserved En.    Temperature Pressure (bar)   Constr. rmsd
   -2.31409e+04    3.05689e+02   -2.32143e+01    5.71125e-07

           Step           Time
         300000     3000.00000

   Energies (kJ/mol)
           Bond          Angle       G96AngleRestricted Angles  Improper Dih.
    1.43501e+03    8.42020e+02    2.46263e+02    1.81291e+02    3.88863e+02
        LJ (SR)   Coulomb (SR)      Potential    Kinetic En.   Total Energy
   -4.03861e+04   -1.90054e+03   -3.91932e+04    6.02483e+03   -3.31683e+04
  Conserved En.    Temperature Pressure (bar)   Constr. rmsd
   -2.34257e+04    3.15945e+02   -3.00323e+01    6.17075e-07

           Step           Time
         310000     3100.00000

   Energies (kJ/mol)
           Bond          Angle       G96AngleRestricted Angles  Improper Dih.
    1.36979e+03    9.15169e+02    2.35946e+02    2.08964e+02    3.97557e+02
        LJ (SR)   Coulomb (SR)      Potential    Kinetic En.   Total Energy
   -4.03982e+04   -1.89861e+03   -3.91694e+04    6.02436e+03   -3.31451e+04
  Conserved En.    Temperature Pressure (bar)   Constr. rmsd
   -2.37127e+04    3.15920e+02   -1.71167e+02    5.72412e-07

           Step           Time
         320000     3200.00000

   Energies (kJ/mol)
           Bond          Angle       G96AngleRestricted Angles  Improper Dih.
    1.43046e+03    8.86542e+02    2.47137e+02    1.78583e+02    3.81250e+02
        LJ (SR)   Coulomb (SR)      Potential    Kinetic En.   Total Energy
   -4.03718e+04   -1.92053e+03   -3.91683e+04    6.02227e+03   -3.31460e+04
  Conserved En.    Temperature Pressure (bar)   Constr. rmsd
   -2.40039e+04    3.15811e+02   -1.07416e+02    5.95211e-07

           Step           Time
         330000     3300.00000

   Energies (kJ/mol)
           Bond          Angle       G96AngleRestricted Angles  Improper Dih.
    1.50373e+03    9.61517e+02    2.40348e+02    1.99638e+02    3.82426e+02
        LJ (SR)   Coulomb (SR)      Potential    Kinetic En.   Total Energy
   -4.02972e+04   -1.94483e+03   -3.89544e+04    5.74549e+03   -3.32089e+04
  Conserved En.    Temperature Pressure (bar)   Constr. rmsd
   -2.42906e+04    3.01297e+02    6.77051e+01    5.70065e-07

           Step           Time
         340000     3400.00000

   Energies (kJ/mol)
           Bond          Angle       G96AngleRestricted Angles  Improper Dih.
    1.37885e+03    9.07293e+02    2.25909e+02    1.75841e+02    4.09003e+02
        LJ (SR)   Coulomb (SR)      Potential    Kinetic En.   Total Energy
   -4.03319e+04   -1.90683e+03   -3.91418e+04    5.93671e+03   -3.32051e+04
  Conserved En.    Temperature Pressure (bar)   Constr. rmsd
   -2.45849e+04    3.11324e+02   -1.59686e+01    5.37942e-07

           Step           Time
         350000     3500.00000

   Energies (kJ/mol)
           Bond          Angle       G96AngleRestricted Angles  Improper Dih.
    1.40612e+03    9.02554e+02    2.48436e+02    1.91457e+02    4.00324e+02
        LJ (SR)   Coulomb (SR)      Potential    Kinetic En.   Total Energy
   -4.03532e+04   -1.96431e+03   -3.91686e+04    5.85545e+03   -3.33132e+04
  Conserved En.    Temperature Pressure (bar)   Constr. rmsd
   -2.48854e+04    3.07063e+02    1.05734e+02    6.07688e-07

           Step           Time
         360000     3600.00000

   Energies (kJ/mol)
           Bond          Angle       G96AngleRestricted Angles  Improper Dih.
    1.35775e+03    1.01875e+03    2.31318e+02    2.07919e+02    4.16833e+02
        LJ (SR)   Coulomb (SR)      Potential    Kinetic En.   Total Energy
   -4.02801e+04   -1.91454e+03   -3.89620e+04    5.79959e+03   -3.31625e+04
  Conserved En.    Temperature Pressure (bar)   Constr. rmsd
   -2.51686e+04    3.04134e+02   -8.24556e+01    5.79005e-07

           Step           Time
         370000     3700.00000

   Energies (kJ/mol)
           Bond          Angle       G96AngleRestricted Angles  Improper Dih.
    1.44211e+03    9.34520e+02    2.22557e+02    1.77139e+02    4.09238e+02
        LJ (SR)   Coulomb (SR)      Potential    Kinetic En.   Total Energy
   -4.04432e+04   -1.92360e+03   -3.91812e+04    5.87162e+03   -3.33096e+04
  Conserved En.    Temperature Pressure (bar)   Constr. rmsd
   -2.54560e+04    3.07911e+02   -8.13413e+01    5.76941e-07

           Step           Time
         380000     3800.00000

   Energies (kJ/mol)
           Bond          Angle       G96AngleRestricted Angles  Improper Dih.
    1.43510e+03    9.58240e+02    2.58223e+02    2.29438e+02    3.96513e+02
        LJ (SR)   Coulomb (SR)      Potential    Kinetic En.   Total Energy
   -4.04846e+04   -1.92205e+03   -3.91291e+04    5.89475e+03   -3.32344e+04
  Conserved En.    Temperature Pressure (bar)   Constr. rmsd
   -2.57526e+04    3.09124e+02   -6.21079e+00    5.61116e-07

           Step           Time
         390000     3900.00000

   Energies (kJ/mol)
           Bond          Angle       G96AngleRestricted Angles  Improper Dih.
    1.32273e+03    9.43312e+02    2.56551e+02    1.86422e+02    3.77999e+02
        LJ (SR)   Coulomb (SR)      Potential    Kinetic En.   Total Energy
   -4.03098e+04   -1.93087e+03   -3.91537e+04    5.84108e+03   -3.33126e+04
  Conserved En.    Temperature Pressure (bar)   Constr. rmsd
   -2.60464e+04    3.06310e+02   -1.27846e+01    5.87605e-07

           Step           Time
         400000     4000.00000

   Energies (kJ/mol)
           Bond          Angle       G96AngleRestricted Angles  Improper Dih.
    1.52772e+03    9.32740e+02    2.36345e+02    1.52335e+02    4.37258e+02
        LJ (SR)   Coulomb (SR)      Potential    Kinetic En.   Total Energy
   -4.06403e+04   -1.92869e+03   -3.92826e+04    5.96329e+03   -3.33193e+04
  Conserved En.    Temperature Pressure (bar)   Constr. rmsd
   -2.63414e+04    3.12718e+02   -6.50395e+01    5.57455e-07

           Step           Time
         410000     4100.00000

   Energies (kJ/mol)
           Bond          Angle       G96AngleRestricted Angles  Improper Dih.
    1.25960e+03    8.83097e+02    2.58813e+02    2.03128e+02    3.82938e+02
        LJ (SR)   Coulomb (SR)      Potential    Kinetic En.   Total Energy
   -4.02943e+04   -1.96382e+03   -3.92705e+04    5.93487e+03   -3.33356e+04
  Conserved En.    Temperature Pressure (bar)   Constr. rmsd
   -2.66375e+04    3.11228e+02    2.48275e+01    5.45713e-07

           Step           Time
         420000     4200.00000

   Energies (kJ/mol)
           Bond          Angle       G96AngleRestricted Angles  Improper Dih.
    1.34618e+03    1.00571e+03    2.61364e+02    2.39371e+02    3.85091e+02
        LJ (SR)   Coulomb (SR)      Potential    Kinetic En.   Total Energy
   -4.03169e+04   -1.96687e+03   -3.90461e+04    5.82860e+03   -3.32175e+04
  Conserved En.    Temperature Pressure (bar)   Constr. rmsd
   -2.69330e+04    3.05655e+02   -2.90163e+01    6.23993e-07

           Step           Time
         430000     4300.00000

   Energies (kJ/mol)
           Bond          Angle       G96AngleRestricted Angles  Improper Dih.
    1.40104e+03    8.78631e+02    2.56000e+02    2.00586e+02    3.52585e+02
        LJ (SR)   Coulomb (SR)      Potential    Kinetic En.   Total Energy
   -4.04446e+04   -1.95172e+03   -3.93075e+04    6.06937e+03   -3.32381e+04
  Conserved En.    Temperature Pressure (bar)   Constr. rmsd
   -2.72240e+04    3.18281e+02   -2.57702e+00    5.78791e-07

           Step           Time
         440000     4400.00000

   Energies (kJ/mol)
           Bond          Angle       G96AngleRestricted Angles  Improper Dih.
    1.32979e+03    9.81541e+02    2.19676e+02    1.69713e+02    3.57484e+02
        LJ (SR)   Coulomb (SR)      Potential    Kinetic En.   Total Energy
   -4.02636e+04   -1.93879e+03   -3.91442e+04    5.97398e+03   -3.31702e+04
  Conserved En.    Temperature Pressure (bar)   Constr. rmsd
   -2.75279e+04    3.13279e+02    1.56085e+01    5.76292e-07

           Step           Time
         450000     4500.00000

   Energies (kJ/mol)
           Bond          Angle       G96AngleRestricted Angles  Improper Dih.
    1.33613e+03    9.71752e+02    2.59881e+02    2.26662e+02    3.96420e+02
        LJ (SR)   Coulomb (SR)      Potential    Kinetic En.   Total Energy
   -4.00820e+04   -1.95397e+03   -3.88451e+04    5.77196e+03   -3.30732e+04
  Conserved En.    Temperature Pressure (bar)   Constr. rmsd
   -2.78193e+04    3.02684e+02    3.30680e+01    5.54459e-07

           Step           Time
         460000     4600.00000

   Energies (kJ/mol)
           Bond          Angle       G96AngleRestricted Angles  Improper Dih.
    1.36514e+03    9.13029e+02    2.08500e+02    2.17286e+02    3.83799e+02
        LJ (SR)   Coulomb (SR)      Potential    Kinetic En.   Total Energy
   -4.02494e+04   -1.97022e+03   -3.91318e+04    6.02510e+03   -3.31067e+04
  Conserved En.    Temperature Pressure (bar)   Constr. rmsd
   -2.81177e+04    3.15960e+02   -1.15131e+02    5.81075e-07

           Step           Time
         470000     4700.00000

   Energies (kJ/mol)
           Bond          Angle       G96AngleRestricted Angles  Improper Dih.
    1.34725e+03    8.82925e+02    2.50363e+02    2.02918e+02    3.94840e+02
        LJ (SR)   Coulomb (SR)      Potential    Kinetic En.   Total Energy
   -4.02589e+04   -1.94173e+03   -3.91223e+04    5.95901e+03   -3.31633e+04
  Conserved En.    Temperature Pressure (bar)   Constr. rmsd
   -2.84126e+04    3.12493e+02   -2.39920e+01    6.20033e-07

           Step           Time
         480000     4800.00000

   Energies (kJ/mol)
           Bond          Angle       G96AngleRestricted Angles  Improper Dih.
    1.53198e+03    9.39401e+02    2.76751e+02    1.86542e+02    3.97519e+02
        LJ (SR)   Coulomb (SR)      Potential    Kinetic En.   Total Energy
   -4.03830e+04   -1.93629e+03   -3.89871e+04    5.77566e+03   -3.32114e+04
  Conserved En.    Temperature Pressure (bar)   Constr. rmsd
   -2.87071e+04    3.02878e+02   -1.54930e-01    6.27332e-07

           Step           Time
         490000     4900.00000

   Energies (kJ/mol)
           Bond          Angle       G96AngleRestricted Angles  Improper Dih.
    1.40367e+03    9.40362e+02    2.52858e+02    1.64858e+02    3.75997e+02
        LJ (SR)   Coulomb (SR)      Potential    Kinetic En.   Total Energy
   -4.02540e+04   -1.94737e+03   -3.90637e+04    5.79214e+03   -3.32715e+04
  Conserved En.    Temperature Pressure (bar)   Constr. rmsd
   -2.89971e+04    3.03743e+02    1.42527e+01    5.77547e-07

           Step           Time
         500000     5000.00000

   Energies (kJ/mol)
           Bond          Angle       G96AngleRestricted Angles  Improper Dih.
    1.38159e+03    8.93058e+02    2.61746e+02    1.77212e+02    3.68025e+02
        LJ (SR)   Coulomb (SR)      Potential    Kinetic En.   Total Energy
   -4.01601e+04   -1.94003e+03   -3.90186e+04    5.79424e+03   -3.32243e+04
  Conserved En.    Temperature Pressure (bar)   Constr. rmsd
   -2.92915e+04    3.03853e+02    6.73619e+01    6.02503e-07

           Step           Time
         510000     5100.00000

   Energies (kJ/mol)
           Bond          Angle       G96AngleRestricted Angles  Improper Dih.
    1.59052e+03    9.17003e+02    2.70025e+02    2.10917e+02    3.64966e+02
        LJ (SR)   Coulomb (SR)      Potential    Kinetic En.   Total Energy
   -4.04766e+04   -1.93826e+03   -3.90614e+04    5.79788e+03   -3.32635e+04
  Conserved En.    Temperature Pressure (bar)   Constr. rmsd
   -2.95826e+04    3.04044e+02   -5.71002e+01    5.51723e-07

           Step           Time
         520000     5200.00000

   Energies (kJ/mol)
           Bond          Angle       G96AngleRestricted Angles  Improper Dih.
    1.37670e+03    8.86335e+02    3.10083e+02    2.06622e+02    3.99852e+02
        LJ (SR)   Coulomb (SR)      Potential    Kinetic En.   Total Energy
   -4.02629e+04   -1.96248e+03   -3.90458e+04    5.80128e+03   -3.32445e+04
  Conserved En.    Temperature Pressure (bar)   Constr. rmsd
   -2.98732e+04    3.04222e+02    1.20785e+02    6.01957e-07

           Step           Time
         530000     5300.00000

   Energies (kJ/mol)
           Bond          Angle       G96AngleRestricted Angles  Improper Dih.
    1.41406e+03    9.23033e+02    2.78655e+02    2.00480e+02    4.39537e+02
        LJ (SR)   Coulomb (SR)      Potential    Kinetic En.   Total Energy
   -4.03687e+04   -1.94882e+03   -3.90618e+04    5.83944e+03   -3.32223e+04
  Conserved En.    Temperature Pressure (bar)   Constr. rmsd
   -3.01632e+04    3.06224e+02   -1.74871e+02    6.21173e-07

           Step           Time
         540000     5400.00000

   Energies (kJ/mol)
           Bond          Angle       G96AngleRestricted Angles  Improper Dih.
    1.43652e+03    8.16808e+02    2.33106e+02    1.78676e+02    4.21361e+02
        LJ (SR)   Coulomb (SR)      Potential    Kinetic En.   Total Energy
   -4.02903e+04   -1.96202e+03   -3.91659e+04    5.88661e+03   -3.32793e+04
  Conserved En.    Temperature Pressure (bar)   Constr. rmsd
   -3.04573e+04    3.08697e+02   -6.40762e-01    5.29141e-07

           Step           Time
         550000     5500.00000

   Energies (kJ/mol)
           Bond          Angle       G96AngleRestricted Angles  Improper Dih.
    1.47555e+03    8.33540e+02    2.83079e+02    2.36432e+02    3.84615e+02
        LJ (SR)   Coulomb (SR)      Potential    Kinetic En.   Total Energy
   -4.03874e+04   -1.93878e+03   -3.91130e+04    5.81254e+03   -3.33005e+04
  Conserved En.    Temperature Pressure (bar)   Constr. rmsd
   -3.07460e+04    3.04813e+02   -1.45346e+02    5.56266e-07

           Step           Time
         560000     5600.00000

   Energies (kJ/mol)
           Bond          Angle       G96AngleRestricted Angles  Improper Dih.
    1.47579e+03    9.08198e+02    2.63895e+02    2.04783e+02    4.09457e+02
        LJ (SR)   Coulomb (SR)      Potential    Kinetic En.   Total Energy
   -4.03745e+04   -2.02289e+03   -3.91352e+04    5.91755e+03   -3.32177e+04
  Conserved En.    Temperature Pressure (bar)   Constr. rmsd
   -3.10381e+04    3.10320e+02   -5.10637e+01    5.64761e-07

           Step           Time
         570000     5700.00000

   Energies (kJ/mol)
           Bond          Angle       G96AngleRestricted Angles  Improper Dih.
    1.31825e+03    8.62585e+02    2.56672e+02    1.91498e+02    3.52221e+02
        LJ (SR)   Coulomb (SR)      Potential    Kinetic En.   Total Energy
   -4.02125e+04   -1.95454e+03   -3.91858e+04    5.97686e+03   -3.32089e+04
  Conserved En.    Temperature Pressure (bar)   Constr. rmsd
   -3.13262e+04    3.13430e+02   -8.66557e+01    5.89191e-07

           Step           Time
         580000     5800.00000

   Energies (kJ/mol)
           Bond          Angle       G96AngleRestricted Angles  Improper Dih.
    1.39975e+03    8.35843e+02    2.45241e+02    1.79327e+02    3.57690e+02
        LJ (SR)   Coulomb (SR)      Potential    Kinetic En.   Total Energy
   -4.04059e+04   -2.03564e+03   -3.94237e+04    5.94717e+03   -3.34765e+04
  Conserved En.    Temperature Pressure (bar)   Constr. rmsd
   -3.16140e+04    3.11873e+02    3.67323e+01    6.06984e-07

           Step           Time
         590000     5900.00000

   Energies (kJ/mol)
           Bond          Angle       G96AngleRestricted Angles  Improper Dih.
    1.40870e+03    8.46038e+02    2.65346e+02    1.64283e+02    3.20870e+02
        LJ (SR)   Coulomb (SR)      Potential    Kinetic En.   Total Energy
   -4.03139e+04   -1.93829e+03   -3.92470e+04    5.94558e+03   -3.33014e+04
  Conserved En.    Temperature Pressure (bar)   Constr. rmsd
   -3.19065e+04    3.11789e+02    5.08541e+00    5.84588e-07

           Step           Time
         600000     6000.00000

   Energies (kJ/mol)
           Bond          Angle       G96AngleRestricted Angles  Improper Dih.
    1.51276e+03    8.45490e+02    2.56294e+02    1.44696e+02    3.77932e+02
        LJ (SR)   Coulomb (SR)      Potential    Kinetic En.   Total Energy
   -4.03660e+04   -1.99533e+03   -3.92242e+04    5.90078e+03   -3.33234e+04
  Conserved En.    Temperature Pressure (bar)   Constr. rmsd
   -3.21957e+04    3.09440e+02    1.98609e+01    6.50709e-07

           Step           Time
         610000     6100.00000

   Energies (kJ/mol)
           Bond          Angle       G96AngleRestricted Angles  Improper Dih.
    1.54465e+03    8.46206e+02    2.55810e+02    1.58436e+02    3.82798e+02
        LJ (SR)   Coulomb (SR)      Potential    Kinetic En.   Total Energy
   -4.05319e+04   -1.96914e+03   -3.93131e+04    5.90701e+03   -3.34061e+04
  Conserved En.    Temperature Pressure (bar)   Constr. rmsd
   -3.24859e+04    3.09767e+02    5.90693e+00    5.44287e-07

           Step           Time
         620000     6200.00000

   Energies (kJ/mol)
           Bond          Angle       G96AngleRestricted Angles  Improper Dih.
    1.30049e+03    9.60201e+02    2.70256e+02    1.85765e+02    3.26303e+02
        LJ (SR)   Coulomb (SR)      Potential    Kinetic En.   Total Energy
   -4.03739e+04   -1.97768e+03   -3.93085e+04    5.87945e+03   -3.34291e+04
  Conserved En.    Temperature Pressure (bar)   Constr. rmsd
   -3.27776e+04    3.08321e+02    7.81220e+00    5.26687e-07

           Step           Time
         630000     6300.00000

   Energies (kJ/mol)
           Bond          Angle       G96AngleRestricted Angles  Improper Dih.
    1.34858e+03    8.11973e+02    2.55580e+02    1.50916e+02    3.53215e+02
        LJ (SR)   Coulomb (SR)      Potential    Kinetic En.   Total Energy
   -4.01634e+04   -1.97269e+03   -3.92159e+04    5.83634e+03   -3.33795e+04
  Conserved En.    Temperature Pressure (bar)   Constr. rmsd
   -3.30639e+04    3.06061e+02    1.65269e+02    5.44642e-07

           Step           Time
         640000     6400.00000

   Energies (kJ/mol)
           Bond          Angle       G96AngleRestricted Angles  Improper Dih.
    1.33968e+03    8.98999e+02    2.30918e+02    1.91040e+02    3.69411e+02
        LJ (SR)   Coulomb (SR)      Potential    Kinetic En.   Total Energy
   -4.04308e+04   -1.99295e+03   -3.93937e+04    6.12216e+03   -3.32715e+04
  Conserved En.    Temperature Pressure (bar)   Constr. rmsd
   -3.33456e+04    3.21049e+02   -1.78230e+02    5.79218e-07

           Step           Time
         650000     6500.00000

   Energies (kJ/mol)
           Bond          Angle       G96AngleRestricted Angles  Improper Dih.
    1.42844e+03    8.98696e+02    2.49535e+02    1.84344e+02    3.18287e+02
        LJ (SR)   Coulomb (SR)      Potential    Kinetic En.   Total Energy
   -3.99862e+04   -1.99641e+03   -3.89033e+04    5.83083e+03   -3.30725e+04
  Conserved En.    Temperature Pressure (bar)   Constr. rmsd
   -3.36366e+04    3.05772e+02    1.28054e+02    6.19224e-07

           Step           Time
         660000     6600.00000

   Energies (kJ/mol)
           Bond          Angle       G96AngleRestricted Angles  Improper Dih.
    1.48676e+03    9.22391e+02    2.41429e+02    1.61358e+02    3.42870e+02
        LJ (SR)   Coulomb (SR)      Potential    Kinetic En.   Total Energy
   -4.03782e+04   -2.00313e+03   -3.92266e+04    5.91348e+03   -3.33131e+04
  Conserved En.    Temperature Pressure (bar)   Constr. rmsd
   -3.39241e+04    3.10106e+02    4.63005e+00    5.80466e-07

           Step           Time
         670000     6700.00000

   Energies (kJ/mol)
           Bond          Angle       G96AngleRestricted Angles  Improper Dih.
    1.32480e+03    9.50681e+02    2.74945e+02    1.69478e+02    3.62356e+02
        LJ (SR)   Coulomb (SR)      Potential    Kinetic En.   Total Energy
   -4.02582e+04   -1.98766e+03   -3.91636e+04    5.89970e+03   -3.32639e+04
  Conserved En.    Temperature Pressure (bar)   Constr. rmsd
   -3.42147e+04    3.09383e+02   -2.71135e+01    5.86631e-07

           Step           Time
         680000     6800.00000

   Energies (kJ/mol)
           Bond          Angle       G96AngleRestricted Angles  Improper Dih.
    1.40979e+03    8.88002e+02    2.45761e+02    1.74236e+02    3.69478e+02
        LJ (SR)   Coulomb (SR)      Potential    Kinetic En.   Total Energy
   -4.03729e+04   -1.97459e+03   -3.92602e+04    5.97938e+03   -3.32808e+04
  Conserved En.    Temperature Pressure (bar)   Constr. rmsd
   -3.45076e+04    3.13562e+02    1.02986e+01    6.06923e-07

           Step           Time
         690000     6900.00000

   Energies (kJ/mol)
           Bond          Angle       G96AngleRestricted Angles  Improper Dih.
    1.48593e+03    8.99280e+02    2.19533e+02    1.92369e+02    3.87368e+02
        LJ (SR)   Coulomb (SR)      Potential    Kinetic En.   Total Energy
   -4.03823e+04   -1.97662e+03   -3.91745e+04    5.93686e+03   -3.32376e+04
  Conserved En.    Temperature Pressure (bar)   Constr. rmsd
   -3.47970e+04    3.11332e+02   -8.11855e+01    6.46710e-07

           Step           Time
         700000     7000.00000

   Energies (kJ/mol)
           Bond          Angle       G96AngleRestricted Angles  Improper Dih.
    1.40161e+03    9.04312e+02    2.60837e+02    1.93882e+02    3.68614e+02
        LJ (SR)   Coulomb (SR)      Potential    Kinetic En.   Total Energy
   -4.02770e+04   -1.97554e+03   -3.91233e+04    5.83880e+03   -3.32845e+04
  Conserved En.    Temperature Pressure (bar)   Constr. rmsd
   -3.50866e+04    3.06190e+02   -2.20480e+01    5.32387e-07

           Step           Time
         710000     7100.00000

   Energies (kJ/mol)
           Bond          Angle       G96AngleRestricted Angles  Improper Dih.
    1.44138e+03    9.16232e+02    2.67348e+02    1.76090e+02    3.59952e+02
        LJ (SR)   Coulomb (SR)      Potential    Kinetic En.   Total Energy
   -4.02041e+04   -1.98228e+03   -3.90254e+04    5.97503e+03   -3.30504e+04
  Conserved En.    Temperature Pressure (bar)   Constr. rmsd
   -3.53718e+04    3.13333e+02   -1.31518e+02    5.67499e-07

           Step           Time
         720000     7200.00000

   Energies (kJ/mol)
           Bond          Angle       G96AngleRestricted Angles  Improper Dih.
    1.32473e+03    9.01379e+02    2.61228e+02    2.13425e+02    3.55090e+02
        LJ (SR)   Coulomb (SR)      Potential    Kinetic En.   Total Energy
   -4.02478e+04   -1.94773e+03   -3.91397e+04    5.83312e+03   -3.33066e+04
  Conserved En.    Temperature Pressure (bar)   Constr. rmsd
   -3.56627e+04    3.05892e+02    5.28788e+01    5.14188e-07

           Step           Time
         730000     7300.00000

   Energies (kJ/mol)
           Bond          Angle       G96AngleRestricted Angles  Improper Dih.
    1.40424e+03    9.15496e+02    2.65796e+02    1.70007e+02    3.33083e+02
        LJ (SR)   Coulomb (SR)      Potential    Kinetic En.   Total Energy
   -4.01688e+04   -1.99373e+03   -3.90739e+04    5.93263e+03   -3.31413e+04
  Conserved En.    Temperature Pressure (bar)   Constr. rmsd
   -3.59512e+04    3.11110e+02    3.75246e+01    6.12131e-07

           Step           Time
         740000     7400.00000

   Energies (kJ/mol)
           Bond          Angle       G96AngleRestricted Angles  Improper Dih.
    1.38131e+03    9.19219e+02    2.08193e+02    1.98117e+02    3.75339e+02
        LJ (SR)   Coulomb (SR)      Potential    Kinetic En.   Total Energy
   -4.02256e+04   -2.04514e+03   -3.91886e+04    5.95896e+03   -3.32296e+04
  Conserved En.    Temperature Pressure (bar)   Constr. rmsd
   -3.62449e+04    3.12491e+02    7.02183e+01    6.07241e-07

           Step           Time
         750000     7500.00000

   Energies (kJ/mol)
           Bond          Angle       G96AngleRestricted Angles  Improper Dih.
    1.45211e+03    9.16552e+02    2.93026e+02    2.33568e+02    3.91156e+02
        LJ (SR)   Coulomb (SR)      Potential    Kinetic En.   Total Energy
   -4.02547e+04   -2.01134e+03   -3.89796e+04    5.71106e+03   -3.32685e+04
  Conserved En.    Temperature Pressure (bar)   Constr. rmsd
   -3.65298e+04    2.99491e+02    3.78587e+01    5.63040e-07

           Step           Time
         760000     7600.00000

   Energies (kJ/mol)
           Bond          Angle       G96AngleRestricted Angles  Improper Dih.
    1.38452e+03    8.49422e+02    2.75135e+02    2.06144e+02    3.48678e+02
        LJ (SR)   Coulomb (SR)      Potential    Kinetic En.   Total Energy
   -4.02697e+04   -2.03877e+03   -3.92446e+04    5.87649e+03   -3.33681e+04
  Conserved En.    Temperature Pressure (bar)   Constr. rmsd
   -3.68221e+04    3.08166e+02    1.76109e+02    5.52148e-07

           Step           Time
         770000     7700.00000

   Energies (kJ/mol)
           Bond          Angle       G96AngleRestricted Angles  Improper Dih.
    1.34665e+03    8.55626e+02    2.87006e+02    1.93784e+02    3.46505e+02
        LJ (SR)   Coulomb (SR)      Potential    Kinetic En.   Total Energy
   -4.01895e+04   -1.97465e+03   -3.91346e+04    5.83964e+03   -3.32949e+04
  Conserved En.    Temperature Pressure (bar)   Constr. rmsd
   -3.71160e+04    3.06234e+02    7.39381e+01    5.64812e-07

           Step           Time
         780000     7800.00000

   Energies (kJ/mol)
           Bond          Angle       G96AngleRestricted Angles  Improper Dih.
    1.35540e+03    8.96716e+02    2.45109e+02    2.16655e+02    3.87226e+02
        LJ (SR)   Coulomb (SR)      Potential    Kinetic En.   Total Energy
   -4.05300e+04   -2.00251e+03   -3.94314e+04    6.00674e+03   -3.34247e+04
  Conserved En.    Temperature Pressure (bar)   Constr. rmsd
   -3.74017e+04    3.14996e+02    4.74580e+01    5.49183e-07

           Step           Time
         790000     7900.00000

   Energies (kJ/mol)
           Bond          Angle       G96AngleRestricted Angles  Improper Dih.
    1.27452e+03    9.48502e+02    2.74945e+02    1.98209e+02    3.53913e+02
        LJ (SR)   Coulomb (SR)      Potential    Kinetic En.   Total Energy
   -4.04588e+04   -1.98783e+03   -3.93966e+04    5.93645e+03   -3.34601e+04
  Conserved En.    Temperature Pressure (bar)   Constr. rmsd
   -3.76775e+04    3.11311e+02   -1.07151e+02    5.31328e-07

           Step           Time
         800000     8000.00000

   Energies (kJ/mol)
           Bond          Angle       G96AngleRestricted Angles  Improper Dih.
    1.43546e+03    8.12004e+02    2.54567e+02    1.89454e+02    3.53767e+02
        LJ (SR)   Coulomb (SR)      Potential    Kinetic En.   Total Energy
   -4.03860e+04   -2.00728e+03   -3.93480e+04    5.79110e+03   -3.35569e+04
  Conserved En.    Temperature Pressure (bar)   Constr. rmsd
   -3.79672e+04    3.03689e+02   -2.99031e+01    5.91455e-07

           Step           Time
         810000     8100.00000

   Energies (kJ/mol)
           Bond          Angle       G96AngleRestricted Angles  Improper Dih.
    1.50379e+03    9.25416e+02    2.06120e+02    2.46602e+02    3.59094e+02
        LJ (SR)   Coulomb (SR)      Potential    Kinetic En.   Total Energy
   -4.06705e+04   -1.97603e+03   -3.94055e+04    5.96748e+03   -3.34380e+04
  Conserved En.    Temperature Pressure (bar)   Constr. rmsd
   -3.82526e+04    3.12938e+02    3.15423e+01    6.23222e-07

           Step           Time
         820000     8200.00000

   Energies (kJ/mol)
           Bond          Angle       G96AngleRestricted Angles  Improper Dih.
    1.39816e+03    8.94479e+02    2.38327e+02    1.80042e+02    4.28682e+02
        LJ (SR)   Coulomb (SR)      Potential    Kinetic En.   Total Energy
   -4.02900e+04   -1.99233e+03   -3.91426e+04    5.86576e+03   -3.32768e+04
  Conserved En.    Temperature Pressure (bar)   Constr. rmsd
   -3.85377e+04    3.07604e+02   -5.73263e+01    6.24803e-07

           Step           Time
         830000     8300.00000

   Energies (kJ/mol)
           Bond          Angle       G96AngleRestricted Angles  Improper Dih.
    1.53726e+03    8.89119e+02    2.46537e+02    1.91746e+02    3.22341e+02
        LJ (SR)   Coulomb (SR)      Potential    Kinetic En.   Total Energy
   -4.03488e+04   -1.97103e+03   -3.91328e+04    5.83598e+03   -3.32968e+04
  Conserved En.    Temperature Pressure (bar)   Constr. rmsd
   -3.88241e+04    3.06042e+02    2.62485e+01    5.71945e-07

           Step           Time
         840000     8400.00000

   Energies (kJ/mol)
           Bond          Angle       G96AngleRestricted Angles  Improper Dih.
    1.36246e+03    9.48377e+02    2.70575e+02    2.09782e+02    3.59345e+02
        LJ (SR)   Coulomb (SR)      Potential    Kinetic En.   Total Energy
   -4.03669e+04   -1.93323e+03   -3.91496e+04    5.87274e+03   -3.32768e+04
  Conserved En.    Temperature Pressure (bar)   Constr. rmsd
   -3.91043e+04    3.07970e+02   -5.64282e+01    6.01130e-07

           Step           Time
         850000     8500.00000

   Energies (kJ/mol)
           Bond          Angle       G96AngleRestricted Angles  Improper Dih.
    1.40931e+03    9.27712e+02    2.11388e+02    1.71696e+02    3.61646e+02
        LJ (SR)   Coulomb (SR)      Potential    Kinetic En.   Total Energy
   -4.03095e+04   -1.94955e+03   -3.91773e+04    5.86728e+03   -3.33100e+04
  Conserved En.    Temperature Pressure (bar)   Constr. rmsd
   -3.93959e+04    3.07683e+02    3.65793e+01    5.99609e-07

           Step           Time
         860000     8600.00000

   Energies (kJ/mol)
           Bond          Angle       G96AngleRestricted Angles  Improper Dih.
    1.46444e+03    8.96650e+02    2.46581e+02    2.13646e+02    3.53168e+02
        LJ (SR)   Coulomb (SR)      Potential    Kinetic En.   Total Energy
   -4.05463e+04   -1.91782e+03   -3.92896e+04    5.81332e+03   -3.34763e+04
  Conserved En.    Temperature Pressure (bar)   Constr. rmsd
   -3.96813e+04    3.04854e+02   -4.06334e+01    6.33814e-07

           Step           Time
         870000     8700.00000

   Energies (kJ/mol)
           Bond          Angle       G96AngleRestricted Angles  Improper Dih.
    1.35228e+03    9.29000e+02    2.82463e+02    2.20758e+02    3.57971e+02
        LJ (SR)   Coulomb (SR)      Potential    Kinetic En.   Total Energy
   -4.05854e+04   -1.94581e+03   -3.93887e+04    5.91028e+03   -3.34784e+04
  Conserved En.    Temperature Pressure (bar)   Constr. rmsd
   -3.99758e+04    3.09938e+02    1.90822e+01    5.90648e-07

           Step           Time
         880000     8800.00000

   Energies (kJ/mol)
           Bond          Angle       G96AngleRestricted Angles  Improper Dih.
    1.37491e+03    8.76304e+02    2.81712e+02    1.71407e+02    3.48165e+02
        LJ (SR)   Coulomb (SR)      Potential    Kinetic En.   Total Energy
   -4.03771e+04   -1.95166e+03   -3.92763e+04    5.93622e+03   -3.33401e+04
  Conserved En.    Temperature Pressure (bar)   Constr. rmsd
   -4.02588e+04    3.11299e+02    1.93189e+01    5.59207e-07

           Step           Time
         890000     8900.00000

   Energies (kJ/mol)
           Bond          Angle       G96AngleRestricted Angles  Improper Dih.
    1.33103e+03    9.15776e+02    2.61300e+02    1.85159e+02    3.83952e+02
        LJ (SR)   Coulomb (SR)      Potential    Kinetic En.   Total Energy
   -4.04523e+04   -1.99525e+03   -3.93703e+04    5.92507e+03   -3.34453e+04
  Conserved En.    Temperature Pressure (bar)   Constr. rmsd
   -4.05466e+04    3.10714e+02    3.13856e+01    5.58920e-07

           Step           Time
         900000     9000.00000

   Energies (kJ/mol)
           Bond          Angle       G96AngleRestricted Angles  Improper Dih.
    1.34867e+03    9.66211e+02    2.33873e+02    1.77566e+02    3.99690e+02
        LJ (SR)   Coulomb (SR)      Potential    Kinetic En.   Total Energy
   -4.03466e+04   -1.97522e+03   -3.91958e+04    5.98092e+03   -3.32149e+04
  Conserved En.    Temperature Pressure (bar)   Constr. rmsd
   -4.08320e+04    3.13643e+02    1.37280e+01    5.89889e-07

           Step           Time
         910000     9100.00000

   Energies (kJ/mol)
           Bond          Angle       G96AngleRestricted Angles  Improper Dih.
    1.43719e+03    1.05209e+03    2.41257e+02    2.09714e+02    3.54508e+02
        LJ (SR)   Coulomb (SR)      Potential    Kinetic En.   Total Energy
   -4.04313e+04   -1.96879e+03   -3.91053e+04    5.84786e+03   -3.32574e+04
  Conserved En.    Temperature Pressure (bar)   Constr. rmsd
   -4.11192e+04    3.06665e+02    1.43667e+01    5.80983e-07

           Step           Time
         920000     9200.00000

   Energies (kJ/mol)
           Bond          Angle       G96AngleRestricted Angles  Improper Dih.
    1.35271e+03    8.80761e+02    2.29463e+02    2.25628e+02    3.93087e+02
        LJ (SR)   Coulomb (SR)      Potential    Kinetic En.   Total Energy
   -4.03372e+04   -1.97624e+03   -3.92318e+04    5.93439e+03   -3.32974e+04
  Conserved En.    Temperature Pressure (bar)   Constr. rmsd
   -4.14041e+04    3.11202e+02    1.48740e+01    6.28039e-07

           Step           Time
         930000     9300.00000

   Energies (kJ/mol)
           Bond          Angle       G96AngleRestricted Angles  Improper Dih.
    1.41109e+03    9.65426e+02    2.47617e+02    2.22343e+02    3.64719e+02
        LJ (SR)   Coulomb (SR)      Potential    Kinetic En.   Total Energy
   -4.06807e+04   -1.98739e+03   -3.94569e+04    6.02110e+03   -3.34358e+04
  Conserved En.    Temperature Pressure (bar)   Constr. rmsd
   -4.16888e+04    3.15749e+02   -2.79539e+01    5.35989e-07

           Step           Time
         940000     9400.00000

   Energies (kJ/mol)
           Bond          Angle       G96AngleRestricted Angles  Improper Dih.
    1.37529e+03    8.79788e+02    2.54338e+02    2.15480e+02    3.88904e+02
        LJ (SR)   Coulomb (SR)      Potential    Kinetic En.   Total Energy
   -4.07053e+04   -1.96528e+03   -3.95568e+04    5.97655e+03   -3.35803e+04
  Conserved En.    Temperature Pressure (bar)   Constr. rmsd
   -4.19804e+04    3.13413e+02   -8.37182e+01    6.07918e-07

           Step           Time
         950000     9500.00000

   Energies (kJ/mol)
           Bond          Angle       G96AngleRestricted Angles  Improper Dih.
    1.46814e+03    9.34397e+02    2.99701e+02    2.07372e+02    3.85284e+02
        LJ (SR)   Coulomb (SR)      Potential    Kinetic En.   Total Energy
   -4.05299e+04   -1.97379e+03   -3.92088e+04    5.72771e+03   -3.34810e+04
  Conserved En.    Temperature Pressure (bar)   Constr. rmsd
   -4.22686e+04    3.00364e+02    9.21899e+01    5.93745e-07

           Step           Time
         960000     9600.00000

   Energies (kJ/mol)
           Bond          Angle       G96AngleRestricted Angles  Improper Dih.
    1.41554e+03    8.95301e+02    2.62337e+02    2.16165e+02    3.77536e+02
        LJ (SR)   Coulomb (SR)      Potential    Kinetic En.   Total Energy
   -4.03819e+04   -2.02195e+03   -3.92370e+04    5.94133e+03   -3.32956e+04
  Conserved En.    Temperature Pressure (bar)   Constr. rmsd
   -4.25477e+04    3.11566e+02   -5.88814e+01    6.14371e-07

           Step           Time
         970000     9700.00000

   Energies (kJ/mol)
           Bond          Angle       G96AngleRestricted Angles  Improper Dih.
    1.38175e+03    8.81512e+02    2.25978e+02    1.85264e+02    3.44569e+02
        LJ (SR)   Coulomb (SR)      Potential    Kinetic En.   Total Energy
   -4.03384e+04   -2.00268e+03   -3.93221e+04    5.82540e+03   -3.34967e+04
  Conserved En.    Temperature Pressure (bar)   Constr. rmsd
   -4.28383e+04    3.05487e+02    5.62142e+01    6.18739e-07

           Step           Time
         980000     9800.00000

   Energies (kJ/mol)
           Bond          Angle       G96AngleRestricted Angles  Improper Dih.
    1.33960e+03    8.15879e+02    2.67586e+02    1.98705e+02    3.54653e+02
        LJ (SR)   Coulomb (SR)      Potential    Kinetic En.   Total Energy
   -4.02905e+04   -2.04093e+03   -3.93550e+04    5.89643e+03   -3.34586e+04
  Conserved En.    Temperature Pressure (bar)   Constr. rmsd
   -4.31248e+04    3.09212e+02    6.54776e+01    6.49026e-07

           Step           Time
         990000     9900.00000

   Energies (kJ/mol)
           Bond          Angle       G96AngleRestricted Angles  Improper Dih.
    1.31218e+03    9.53473e+02    2.59959e+02    2.12852e+02    4.15235e+02
        LJ (SR)   Coulomb (SR)      Potential    Kinetic En.   Total Energy
   -4.06517e+04   -1.98831e+03   -3.94863e+04    5.98776e+03   -3.34985e+04
  Conserved En.    Temperature Pressure (bar)   Constr. rmsd
   -4.34147e+04    3.14001e+02    4.55742e+01    6.34242e-07

           Step           Time
        1000000    10000.00000

Writing checkpoint, step 1000000 at Sun Mar 16 13:14:31 2025


   Energies (kJ/mol)
           Bond          Angle       G96AngleRestricted Angles  Improper Dih.
    1.31457e+03    8.86106e+02    2.97807e+02    1.94807e+02    4.04928e+02
        LJ (SR)   Coulomb (SR)      Potential    Kinetic En.   Total Energy
   -4.04810e+04   -1.95332e+03   -3.93361e+04    5.90505e+03   -3.34311e+04
  Conserved En.    Temperature Pressure (bar)   Constr. rmsd
   -4.36964e+04    3.09664e+02    2.53315e+01    5.79927e-07


	<======  ###############  ==>
	<====  A V E R A G E S  ====>
	<==  ###############  ======>

	Statistics over 1000001 steps using 10001 frames

   Energies (kJ/mol)
           Bond          Angle       G96AngleRestricted Angles  Improper Dih.
    1.39758e+03    9.23938e+02    2.54150e+02    1.96784e+02    3.87806e+02
        LJ (SR)   Coulomb (SR)      Potential    Kinetic En.   Total Energy
   -4.01688e+04   -1.95185e+03   -3.89603e+04    5.90735e+03   -3.30530e+04
  Conserved En.    Temperature Pressure (bar)   Constr. rmsd
   -2.92723e+04    3.09784e+02   -2.25430e-01    0.00000e+00

          Box-X          Box-Y          Box-Z
    4.26974e+00    4.26974e+00    8.21410e+00

   Total Virial (kJ/mol)
    1.86746e+03   -7.18228e+01   -7.91226e+00
   -7.18228e+01    2.08754e+03   -5.12945e+00
   -7.91220e+00   -5.12942e+00    1.96317e+03

   Pressure (bar)
    2.41726e+01    1.59338e+01    2.97334e+00
    1.59338e+01   -2.51398e+01    6.34247e-01
    2.97333e+00    6.34239e-01    2.90847e-01

       T-Lipids      T-Solvent
    3.09838e+02    3.09763e+02


	M E G A - F L O P S   A C C O U N T I N G

 NB=Group-cutoff nonbonded kernels    NxN=N-by-N cluster Verlet kernels
 RF=Reaction-Field  VdW=Van der Waals  QSTab=quadratic-spline table
 W3=SPC/TIP3p  W4=TIP4p (single or pairs)
 V&F=Potential and force  V=Potential only  F=Force only

 Computing:                               M-Number         M-Flops  % Flops
-----------------------------------------------------------------------------
 Pair Search distance check            7491.322226       67421.900     0.6
 NxN RF Elec. + LJ [F]               119305.030272     4533591.150    37.7
 NxN RF Elec. + LJ [V&F]               1205.178464       65079.637     0.5
 NxN LJ [F]                          206818.228992     6825001.557    56.8
 NxN LJ [V&F]                          2089.416608       89844.914     0.7
 NxN RF Electrostatics [F]              372.434880       11545.481     0.1
 NxN RF Electrostatics [V&F]              3.789120         136.408     0.0
 Shift-X                                 46.351854         278.111     0.0
 Bonds                                  972.000972       57348.057     0.5
 Angles                                1260.001260      211680.212     1.8
 Impropers                              324.000324       67392.067     0.6
 Virial                                  94.951899        1709.134     0.0
 Stop-CM                                 18.543708         185.437     0.0
 P-Coupling                              92.701854         556.211     0.0
 Calc-Ekin                              185.403708        5005.900     0.0
 Lincs                                  432.001296       25920.078     0.2
 Lincs-Mat                             8640.025920       34560.104     0.3
 Constraint-V                           864.001728        6912.014     0.1
 Constraint-Vir                          21.600432         518.410     0.0
 Virtual Site 3out                       36.000036        3132.003     0.0
 Virtual Site N                         432.000432        6480.006     0.1
-----------------------------------------------------------------------------
 Total                                                12014298.793   100.0
-----------------------------------------------------------------------------


     R E A L   C Y C L E   A N D   T I M E   A C C O U N T I N G

On 1 MPI rank, each using 5 OpenMP threads

 Computing:          Num   Num      Call    Wall time         Giga-Cycles
                     Ranks Threads  Count      (s)         total sum    %
-----------------------------------------------------------------------------
 Vsite constr.          1    5    1000001       4.552         68.145   2.5
 Neighbor search        1    5      25001       7.513        112.486   4.2
 Force                  1    5    1000001     118.503       1774.149  65.6
 NB X/F buffer ops.     1    5    1975001      12.300        184.146   6.8
 Vsite spread           1    5    1000001       5.168         77.379   2.9
 Write traj.            1    5      10001       1.948         29.162   1.1
 Update                 1    5    1000001       6.257         93.674   3.5
 Constraints            1    5    1000003      19.562        292.877  10.8
 Rest                                           4.925         73.729   2.7
-----------------------------------------------------------------------------
 Total                                        180.728       2705.745 100.0
-----------------------------------------------------------------------------

               Core t (s)   Wall t (s)        (%)
       Time:      903.637      180.728      500.0
                 (ns/day)    (hour/ns)
Performance:     4780.682        0.005
Finished mdrun on rank 0 Sun Mar 16 13:14:31 2025

